Archive member included to satisfy reference by file (symbol)

/home/oshinaar/riscv/tools/pre_jaguar_tools/riscv/bin/../lib/gcc/riscv64-unknown-elf/8.2.0/rv32im/ilp32/libgcc.a(save-restore.o)
                              save_restore.o (__riscv_save_0)

Discarded input sections

 .text          0x0000000000000000        0x0 save_restore.o
 .data          0x0000000000000000        0x0 save_restore.o
 .bss           0x0000000000000000        0x0 save_restore.o
 .text          0x0000000000000000        0x0 save_restore_file2.o
 .data          0x0000000000000000        0x0 save_restore_file2.o
 .bss           0x0000000000000000        0x0 save_restore_file2.o
 .data          0x0000000000000000        0x0 /home/oshinaar/riscv/tools/pre_jaguar_tools/riscv/bin/../lib/gcc/riscv64-unknown-elf/8.2.0/rv32im/ilp32/libgcc.a(save-restore.o)
 .bss           0x0000000000000000        0x0 /home/oshinaar/riscv/tools/pre_jaguar_tools/riscv/bin/../lib/gcc/riscv64-unknown-elf/8.2.0/rv32im/ilp32/libgcc.a(save-restore.o)

Memory Configuration

Name             Origin             Length             Attributes
*default*        0x0000000000000000 0xffffffffffffffff

Linker script and memory map

LOAD save_restore.o
LOAD save_restore_file2.o
START GROUP
LOAD /home/oshinaar/riscv/tools/pre_jaguar_tools/riscv/bin/../lib/gcc/riscv64-unknown-elf/8.2.0/rv32im/ilp32/libgcc.a
START GROUP
LOAD /home/oshinaar/riscv/tools/pre_jaguar_tools/riscv/bin/../lib/gcc/riscv64-unknown-elf/8.2.0/../../../../riscv64-unknown-elf/lib/rv32im/ilp32/libc.a
LOAD /home/oshinaar/riscv/tools/pre_jaguar_tools/riscv/bin/../lib/gcc/riscv64-unknown-elf/8.2.0/../../../../riscv64-unknown-elf/lib/rv32im/ilp32/libgloss.a
END GROUP
LOAD /home/oshinaar/riscv/tools/pre_jaguar_tools/riscv/bin/../lib/gcc/riscv64-unknown-elf/8.2.0/rv32im/ilp32/libgcc.a
END GROUP
                [!provide]                        PROVIDE (__executable_start = SEGMENT_START ("text-segment", 0x10000))
                0x0000000000010054                . = (SEGMENT_START ("text-segment", 0x10000) + SIZEOF_HEADERS)

.interp
 *(.interp)

.note.gnu.build-id
 *(.note.gnu.build-id)

.hash
 *(.hash)

.gnu.hash
 *(.gnu.hash)

.dynsym
 *(.dynsym)

.dynstr
 *(.dynstr)

.gnu.version
 *(.gnu.version)

.gnu.version_d
 *(.gnu.version_d)

.gnu.version_r
 *(.gnu.version_r)

.rela.dyn       0x0000000000010054        0x0
 *(.rela.init)
 *(.rela.text .rela.text.* .rela.gnu.linkonce.t.*)
 *(.rela.fini)
 *(.rela.rodata .rela.rodata.* .rela.gnu.linkonce.r.*)
 *(.rela.data .rela.data.* .rela.gnu.linkonce.d.*)
 *(.rela.tdata .rela.tdata.* .rela.gnu.linkonce.td.*)
 *(.rela.tbss .rela.tbss.* .rela.gnu.linkonce.tb.*)
 *(.rela.ctors)
 *(.rela.dtors)
 *(.rela.got)
 *(.rela.sdata .rela.sdata.* .rela.gnu.linkonce.s.*)
 *(.rela.sbss .rela.sbss.* .rela.gnu.linkonce.sb.*)
 *(.rela.sdata2 .rela.sdata2.* .rela.gnu.linkonce.s2.*)
 *(.rela.sbss2 .rela.sbss2.* .rela.gnu.linkonce.sb2.*)
 *(.rela.bss .rela.bss.* .rela.gnu.linkonce.b.*)
                [!provide]                        PROVIDE (__rela_iplt_start = .)
 *(.rela.iplt)
                [!provide]                        PROVIDE (__rela_iplt_end = .)

.rela.plt
 *(.rela.plt)

.init
 *(SORT_NONE(.init))

.plt
 *(.plt)

.iplt
 *(.iplt)

.text           0x0000000000010054       0xf4
 *(.text.unlikely .text.*_unlikely .text.unlikely.*)
 *(.text.exit .text.exit.*)
 *(.text.startup .text.startup.*)
 .text.startup.main
                0x0000000000010054       0x14 save_restore.o
                0x0000000000010054                main
 *(.text.hot .text.hot.*)
 *(.text .stub .text.* .gnu.linkonce.t.*)
 .text.bar      0x0000000000010068       0x18 save_restore.o
                0x0000000000010068                bar
 .text._start   0x0000000000010080        0x8 save_restore.o
                0x0000000000010080                _start
 .text.foo      0x0000000000010088        0x2 save_restore_file2.o
                0x0000000000010088                foo
 *fill*         0x000000000001008a        0x2 
 .text          0x000000000001008c       0xbc /home/oshinaar/riscv/tools/pre_jaguar_tools/riscv/bin/../lib/gcc/riscv64-unknown-elf/8.2.0/rv32im/ilp32/libgcc.a(save-restore.o)
                0x000000000001008c                __riscv_save_12
                0x000000000001009c                __riscv_save_8
                0x000000000001009c                __riscv_save_11
                0x000000000001009c                __riscv_save_9
                0x000000000001009c                __riscv_save_10
                0x00000000000100b8                __riscv_save_7
                0x00000000000100b8                __riscv_save_4
                0x00000000000100b8                __riscv_save_6
                0x00000000000100b8                __riscv_save_5
                0x00000000000100e8                __riscv_save_1
                0x00000000000100e8                __riscv_save_3
                0x00000000000100e8                __riscv_save_2
                0x00000000000100e8                __riscv_save_0
                0x0000000000010100                __riscv_restore_12
                0x0000000000010108                __riscv_restore_10
                0x0000000000010108                __riscv_restore_11
                0x0000000000010108                __riscv_restore_8
                0x0000000000010108                __riscv_restore_9
                0x000000000001011c                __riscv_restore_5
                0x000000000001011c                __riscv_restore_6
                0x000000000001011c                __riscv_restore_4
                0x000000000001011c                __riscv_restore_7
                0x0000000000010130                __riscv_restore_3
                0x0000000000010130                __riscv_restore_2
                0x0000000000010130                __riscv_restore_0
                0x0000000000010130                __riscv_restore_1
 *(.gnu.warning)

.fini
 *(SORT_NONE(.fini))
                [!provide]                        PROVIDE (__etext = .)
                [!provide]                        PROVIDE (_etext = .)
                [!provide]                        PROVIDE (etext = .)

.rodata
 *(.rodata .rodata.* .gnu.linkonce.r.*)

.rodata1
 *(.rodata1)

.sdata2
 *(.sdata2 .sdata2.* .gnu.linkonce.s2.*)

.sbss2
 *(.sbss2 .sbss2.* .gnu.linkonce.sb2.*)

.eh_frame_hdr
 *(.eh_frame_hdr)
 *(.eh_frame_entry .eh_frame_entry.*)

.eh_frame       0x0000000000010148       0xf8
 *(.eh_frame)
 .eh_frame      0x0000000000010148       0xf8 /home/oshinaar/riscv/tools/pre_jaguar_tools/riscv/bin/../lib/gcc/riscv64-unknown-elf/8.2.0/rv32im/ilp32/libgcc.a(save-restore.o)
 *(.eh_frame.*)

.gcc_except_table
 *(.gcc_except_table .gcc_except_table.*)

.gnu_extab
 *(.gnu_extab*)

.exception_ranges
 *(.exception_ranges .exception_ranges*)
                0x0000000000011240                . = DATA_SEGMENT_ALIGN (CONSTANT (MAXPAGESIZE), CONSTANT (COMMONPAGESIZE))

.eh_frame
 *(.eh_frame)
 *(.eh_frame.*)

.gnu_extab
 *(.gnu_extab)

.gcc_except_table
 *(.gcc_except_table .gcc_except_table.*)

.exception_ranges
 *(.exception_ranges .exception_ranges*)

.tdata          0x0000000000011240        0x0
                [!provide]                        PROVIDE (__tdata_start = .)
 *(.tdata .tdata.* .gnu.linkonce.td.*)

.tbss
 *(.tbss .tbss.* .gnu.linkonce.tb.*)
 *(.tcommon)

.preinit_array  0x0000000000011240        0x0
                [!provide]                        PROVIDE (__preinit_array_start = .)
 *(.preinit_array)
                [!provide]                        PROVIDE (__preinit_array_end = .)

.init_array     0x0000000000011240        0x0
                [!provide]                        PROVIDE (__init_array_start = .)
 *(SORT_BY_INIT_PRIORITY(.init_array.*) SORT_BY_INIT_PRIORITY(.ctors.*))
 *(.init_array EXCLUDE_FILE(*crtend?.o *crtend.o *crtbegin?.o *crtbegin.o) .ctors)
                [!provide]                        PROVIDE (__init_array_end = .)

.fini_array     0x0000000000011240        0x0
                [!provide]                        PROVIDE (__fini_array_start = .)
 *(SORT_BY_INIT_PRIORITY(.fini_array.*) SORT_BY_INIT_PRIORITY(.dtors.*))
 *(.fini_array EXCLUDE_FILE(*crtend?.o *crtend.o *crtbegin?.o *crtbegin.o) .dtors)
                [!provide]                        PROVIDE (__fini_array_end = .)

.ctors
 *crtbegin.o(.ctors)
 *crtbegin?.o(.ctors)
 *(EXCLUDE_FILE(*crtend?.o *crtend.o) .ctors)
 *(SORT_BY_NAME(.ctors.*))
 *(.ctors)

.dtors
 *crtbegin.o(.dtors)
 *crtbegin?.o(.dtors)
 *(EXCLUDE_FILE(*crtend?.o *crtend.o) .dtors)
 *(SORT_BY_NAME(.dtors.*))
 *(.dtors)

.jcr
 *(.jcr)

.data.rel.ro
 *(.data.rel.ro.local* .gnu.linkonce.d.rel.ro.local.*)
 *(.data.rel.ro .data.rel.ro.* .gnu.linkonce.d.rel.ro.*)

.dynamic
 *(.dynamic)
                0x0000000000011240                . = DATA_SEGMENT_RELRO_END (., 0x0)

.data           0x0000000000011240        0x0
                0x0000000000011240                __DATA_BEGIN__ = .
 *(.data .data.* .gnu.linkonce.d.*)

.data1
 *(.data1)

.got
 *(.got.plt)
 *(.igot.plt)
 *(.got)
 *(.igot)

.sdata          0x0000000000011240        0x0
                0x0000000000011240                __SDATA_BEGIN__ = .
 *(.srodata.cst16)
 *(.srodata.cst8)
 *(.srodata.cst4)
 *(.srodata.cst2)
 *(.srodata .srodata.*)
 *(.sdata .sdata.* .gnu.linkonce.s.*)
                0x0000000000011240                _edata = .
                [!provide]                        PROVIDE (edata = .)
                0x0000000000011240                . = .
                0x0000000000011240                __bss_start = .

.sbss
 *(.dynsbss)
 *(.sbss .sbss.* .gnu.linkonce.sb.*)
 *(.scommon)

.bss            0x0000000000011240        0x0
 *(.dynbss)
 *(.bss .bss.* .gnu.linkonce.b.*)
 *(COMMON)
                0x0000000000011240                . = ALIGN ((. != 0x0)?0x4:0x1)
                0x0000000000011240                . = ALIGN (0x4)
                0x0000000000011240                . = SEGMENT_START ("ldata-segment", .)
                0x0000000000011240                . = ALIGN (0x4)
                0x0000000000011240                __BSS_END__ = .
                0x0000000000011a40                __global_pointer$ = MIN ((__SDATA_BEGIN__ + 0x800), MAX ((__DATA_BEGIN__ + 0x800), (__BSS_END__ - 0x800)))
                0x0000000000011240                _end = .
                [!provide]                        PROVIDE (end = .)
                0x0000000000011240                . = DATA_SEGMENT_END (.)

.stab
 *(.stab)

.stabstr
 *(.stabstr)

.stab.excl
 *(.stab.excl)

.stab.exclstr
 *(.stab.exclstr)

.stab.index
 *(.stab.index)

.stab.indexstr
 *(.stab.indexstr)

.comment        0x0000000000000000       0x11
 *(.comment)
 .comment       0x0000000000000000       0x11 save_restore.o
                                         0x12 (size before relaxing)
 .comment       0x0000000000000011       0x12 save_restore_file2.o

.debug
 *(.debug)

.line
 *(.line)

.debug_srcinfo
 *(.debug_srcinfo)

.debug_sfnames
 *(.debug_sfnames)

.debug_aranges  0x0000000000000000       0x70
 *(.debug_aranges)
 .debug_aranges
                0x0000000000000000       0x30 save_restore.o
 .debug_aranges
                0x0000000000000030       0x20 save_restore_file2.o
 .debug_aranges
                0x0000000000000050       0x20 /home/oshinaar/riscv/tools/pre_jaguar_tools/riscv/bin/../lib/gcc/riscv64-unknown-elf/8.2.0/rv32im/ilp32/libgcc.a(save-restore.o)

.debug_pubnames
 *(.debug_pubnames)

.debug_info     0x0000000000000000      0x3b1
 *(.debug_info .gnu.linkonce.wi.*)
 .debug_info    0x0000000000000000      0x243 save_restore.o
 .debug_info    0x0000000000000243      0x148 save_restore_file2.o
 .debug_info    0x000000000000038b       0x26 /home/oshinaar/riscv/tools/pre_jaguar_tools/riscv/bin/../lib/gcc/riscv64-unknown-elf/8.2.0/rv32im/ilp32/libgcc.a(save-restore.o)

.debug_abbrev   0x0000000000000000      0x1ed
 *(.debug_abbrev)
 .debug_abbrev  0x0000000000000000      0x137 save_restore.o
 .debug_abbrev  0x0000000000000137       0xa2 save_restore_file2.o
 .debug_abbrev  0x00000000000001d9       0x14 /home/oshinaar/riscv/tools/pre_jaguar_tools/riscv/bin/../lib/gcc/riscv64-unknown-elf/8.2.0/rv32im/ilp32/libgcc.a(save-restore.o)

.debug_line     0x0000000000000000      0x32b
 *(.debug_line .debug_line.* .debug_line_end)
 .debug_line    0x0000000000000000      0x129 save_restore.o
 .debug_line    0x0000000000000129       0x6a save_restore_file2.o
 .debug_line    0x0000000000000193      0x198 /home/oshinaar/riscv/tools/pre_jaguar_tools/riscv/bin/../lib/gcc/riscv64-unknown-elf/8.2.0/rv32im/ilp32/libgcc.a(save-restore.o)

.debug_frame    0x0000000000000000       0x88
 *(.debug_frame)
 .debug_frame   0x0000000000000000       0x68 save_restore.o
 .debug_frame   0x0000000000000068       0x20 save_restore_file2.o

.debug_str      0x0000000000000000      0x229
 *(.debug_str)
 .debug_str     0x0000000000000000      0x140 save_restore.o
 .debug_str     0x0000000000000140       0x29 save_restore_file2.o
                                        0x129 (size before relaxing)
 .debug_str     0x0000000000000169       0xc0 /home/oshinaar/riscv/tools/pre_jaguar_tools/riscv/bin/../lib/gcc/riscv64-unknown-elf/8.2.0/rv32im/ilp32/libgcc.a(save-restore.o)

.debug_loc      0x0000000000000000      0x125
 *(.debug_loc)
 .debug_loc     0x0000000000000000      0x125 save_restore.o

.debug_macinfo
 *(.debug_macinfo)

.debug_weaknames
 *(.debug_weaknames)

.debug_funcnames
 *(.debug_funcnames)

.debug_typenames
 *(.debug_typenames)

.debug_varnames
 *(.debug_varnames)

.debug_pubtypes
 *(.debug_pubtypes)

.debug_ranges   0x0000000000000000       0x30
 *(.debug_ranges)
 .debug_ranges  0x0000000000000000       0x20 save_restore.o
 .debug_ranges  0x0000000000000020       0x10 save_restore_file2.o

.debug_macro
 *(.debug_macro)

.debug_addr
 *(.debug_addr)

.gnu.attributes
 *(.gnu.attributes)

/DISCARD/
 *(.note.GNU-stack)
 *(.gnu_debuglink)
 *(.gnu.lto_*)
OUTPUT(out.elf elf32-littleriscv)
